---
http_interactions:
- request:
    method: get
    uri: http://127.0.0.1:61301/__identify__
    body:
      encoding: US-ASCII
      string: ''
    headers:
      Accept-Encoding:
      - gzip;q=1.0,deflate;q=0.6,identity;q=0.3
      Accept:
      - ! '*/*'
      User-Agent:
      - Ruby
  response:
    status:
      code: 200
      message: ! 'OK '
    headers:
      Server:
      - WEBrick/1.3.1 (Ruby/1.9.3/2012-11-10)
      Date:
      - Sun, 09 Dec 2012 20:50:32 GMT
      Content-Length:
      - '14'
      Connection:
      - Keep-Alive
    body:
      encoding: US-ASCII
      string: '70184525372480'
    http_version: 
  recorded_at: Sun, 09 Dec 2012 20:50:32 GMT
- request:
    method: get
    uri: http://adaptive-test-api.herokuapp.com/tweets.json
    body:
      encoding: US-ASCII
      string: ''
    headers:
      Accept-Encoding:
      - gzip;q=1.0,deflate;q=0.6,identity;q=0.3
      Accept:
      - ! '*/*'
      User-Agent:
      - Ruby
  response:
    status:
      code: 200
      message: ! 'OK '
    headers:
      Access-Control-Allow-Origin:
      - ! '*'
      Cache-Control:
      - max-age=0, private, must-revalidate
      Content-Type:
      - application/json; charset=utf-8
      Date:
      - Sun, 09 Dec 2012 20:50:42 GMT
      Etag:
      - ! '"ed02277651d0619f4090c47467869e5b"'
      Server:
      - WEBrick/1.3.1 (Ruby/1.9.2/2011-07-09)
      X-Rack-Cache:
      - miss
      X-Request-Id:
      - 0db18fae74a9ad1f5a379d27d518c58c
      X-Runtime:
      - '0.005131'
      X-Ua-Compatible:
      - IE=Edge,chrome=1
      Content-Length:
      - '351'
      Connection:
      - keep-alive
    body:
      encoding: US-ASCII
      string: ! '[{"created_at":"2012-09-27T16:14:27Z","followers":9,"id":7,"message":"Vimto
        or Ribena?  You decide!","sentiment":0.2,"updated_at":"2012-09-27T16:14:27Z","user_handle":"@mad4vimto"},{"created_at":"2012-09-27T16:17:21Z","followers":19,"id":12,"message":"Pepsi
        is the new coke","sentiment":0.0,"updated_at":"2012-09-27T16:17:21Z","user_handle":"@pepsi"}]'
    http_version: 
  recorded_at: Sun, 09 Dec 2012 20:50:35 GMT
- request:
    method: get
    uri: http://127.0.0.1:61641/__identify__
    body:
      encoding: US-ASCII
      string: ''
    headers:
      Accept-Encoding:
      - gzip;q=1.0,deflate;q=0.6,identity;q=0.3
      Accept:
      - ! '*/*'
      User-Agent:
      - Ruby
  response:
    status:
      code: 200
      message: ! 'OK '
    headers:
      Server:
      - WEBrick/1.3.1 (Ruby/1.9.3/2012-11-10)
      Date:
      - Sun, 09 Dec 2012 20:51:58 GMT
      Content-Length:
      - '14'
      Connection:
      - Keep-Alive
    body:
      encoding: US-ASCII
      string: '70310856766180'
    http_version: 
  recorded_at: Sun, 09 Dec 2012 20:51:58 GMT
recorded_with: VCR 2.3.0
